Loading file: BroadTests/gcd.tm
entered: 60
entered: 210
30
Loading file: BroadTests/gcd.tm
entered: 210
entered: 60
30
Loading file: BroadTests/gcd.tm
entered: 8192
entered: 496
16
Loading file: BroadTests/gcd.tm
entered: 1234
entered: 4321
1
Loading file: BroadTests/gcd.tm
entered: 216
entered: 666
18
Bye.
