WARNING(70): Variable 's' may be uninitialized when used here.
Loading file: BroadTests/fromroman.tm
I
1
II
2
III
3
IIII
4
IV
4
V
5
VV
10
VI
6
VII
7
VIIIII
10
IX
9
IM
999
MI
1001
XX
20
XL
40
LX
60
XC
90
CX
110
MDCCCCLVII
1957
MCDXCIX
1499
DIM
1499
DILL
599
MILL
1099
MILD
1449
CIVIC
203
CIVIL
153
LIVID
553
MIMIC
ERROR: TM Command V unknown.
Bye.
